// Jest Snapshot v1, https://goo.gl/fbAQLP

exports[`Default show more button structure :  default 1`] = `
<div
  className="rc-dyn-tabs-tab rc-dyn-tabs-showmorebutton-container"
>
  <span
    className="rc-dyn-tabs-title rc-dyn-tabs-showmorebutton"
    onClick={[Function]}
  >
    <svg
      height="1em"
      viewBox="0 0 512 512"
      xmlns="http://www.w3.org/2000/svg"
    >
      <path
        d="M470.6 278.6c12.5-12.5 12.5-32.8 0-45.3l-160-160c-12.5-12.5-32.8-12.5-45.3 0s-12.5 32.8 0 45.3L402.7 256 265.4 393.4c-12.5 12.5-12.5 32.8 0 45.3s32.8 12.5 45.3 0l160-160zm-352 160l160-160c12.5-12.5 12.5-32.8 0-45.3l-160-160c-12.5-12.5-32.8-12.5-45.3 0s-12.5 32.8 0 45.3L210.7 256 73.4 393.4c-12.5 12.5-12.5 32.8 0 45.3s32.8 12.5 45.3 0z"
        fill="gray"
      />
    </svg>
  </span>
</div>
`;

exports[`Default show more button structure :  different hiddenTabIDs 1`] = `
<div
  className="rc-dyn-tabs-tab rc-dyn-tabs-showmorebutton-container"
>
  <span
    className="rc-dyn-tabs-title rc-dyn-tabs-showmorebutton"
    onClick={[Function]}
  >
    <svg
      height="1em"
      viewBox="0 0 512 512"
      xmlns="http://www.w3.org/2000/svg"
    >
      <path
        d="M470.6 278.6c12.5-12.5 12.5-32.8 0-45.3l-160-160c-12.5-12.5-32.8-12.5-45.3 0s-12.5 32.8 0 45.3L402.7 256 265.4 393.4c-12.5 12.5-12.5 32.8 0 45.3s32.8 12.5 45.3 0l160-160zm-352 160l160-160c12.5-12.5 12.5-32.8 0-45.3l-160-160c-12.5-12.5-32.8-12.5-45.3 0s-12.5 32.8 0 45.3L210.7 256 73.4 393.4c-12.5 12.5-12.5 32.8 0 45.3s32.8 12.5 45.3 0z"
        fill="gray"
      />
    </svg>
  </span>
</div>
`;

exports[`Default show more button structure :  rtl mode 1`] = `
<div
  className="rc-dyn-tabs-tab rc-dyn-tabs-showmorebutton-container"
>
  <span
    className="rc-dyn-tabs-title rc-dyn-tabs-showmorebutton"
    onClick={[Function]}
  >
    <svg
      height="1em"
      viewBox="0 0 512 512"
      xmlns="http://www.w3.org/2000/svg"
    >
      <path
        d="M470.6 278.6c12.5-12.5 12.5-32.8 0-45.3l-160-160c-12.5-12.5-32.8-12.5-45.3 0s-12.5 32.8 0 45.3L402.7 256 265.4 393.4c-12.5 12.5-12.5 32.8 0 45.3s32.8 12.5 45.3 0l160-160zm-352 160l160-160c12.5-12.5 12.5-32.8 0-45.3l-160-160c-12.5-12.5-32.8-12.5-45.3 0s-12.5 32.8 0 45.3L210.7 256 73.4 393.4c-12.5 12.5-12.5 32.8 0 45.3s32.8 12.5 45.3 0z"
        fill="gray"
      />
    </svg>
  </span>
</div>
`;
